 boot.esp32: SPI Speed      : 80MHz[0m
[0;32mI (47) boot.esp3ï¿½2) boot.esp32: SPI Flash Size : 4MB[0m
[0;32mI (56) boot: Enabling RNG early entropy source...[0m
[0;32mI (6ï¿½ets Jun  8 2016 00:22:57

rst:0x1 (POWERON_RESET),boot:0x13 (SPI_FAST_FLASH_BOOT)
configsip: 0, SPIWP:0xee
clk_drv:0x00,q_drv:0x00,d_drv:0x00,cs0_drv:0x00,hd_drv:0x00,wp_drv:0x00
mode:DIO, clock div:1
load:0x3fff0030,len:7132
ho 0 tail 12 room 4
load:0x40078000,len:15692
load:0x40080400,len:4
ho 8 tail 4 room 4
load:0x40080404,len:3884
entry 0x40080650
[0;32mI (32) boot: ESP-IDF v5.2-dev-823-g903af13e84-dirty 2nd stage bootloader[0m
[0;32mI (32) boot: compile time May 18 2024 11:19:13[0m
[0;32mI (35) boot: Multicore bootloader[0m
[0;32mI (39) boot: chip revision: v1.0[0m
[0;32mI (43) boot.esp32: SPI Speed      : 80MHz[0m
[0;32mI (47) boot.esp32: SPI Mode       : DIO[0m
[0;32mI (52) boot.esp32: SPI Flash Size : 4MB[0m
[0;32mI (56) boot: Enabling RNG early entropy source...[0m
[0;32mI (62) boot: Partition Table:[0m
[0;32mI (65) boot: ## Label            Usage          Type ST Offset   Length[0m
[0;32mI (73) boot:  0 nvs              WiFi data        01 02 00009000 00004000[0m
[0;32mI (80) boot:  1 otadata          OTA data         01 00 0000d000 00002000[0m
[0;32mI (87) boot:  2 phy_init         RF data          01 01 0000f000 00001000[0m
[0;32mI (95) boot:  3 factory          factory app      00 00 00010000 0014ccb8[0m
[0;32mI (102) boot:  4 ota_0            OTA app          00 10 00160000 00133332[0m
[0;32mI (110) boot:  5 ota_1            OTA app          00 11 002a0000 00133332[0m
[0;32mI (117) boot:  6 nvs_key          NVS keys         01 04 003d4000 00001000[0m
[0;32mI (125) boot: End of partition table[0m
[0;32mI (129) boot: Defaulting to factory image[0m
[0;32mI (134) esp_image: segment 0: paddr=00010020 vaddr=3f400020 size=42738h (272184) map[0m
[0;32mI (225) esp_image: segment 1: paddr=00052760 vaddr=3ffb0000 size=03860h ( 14432) load[0m
[0;32mI (230) esp_image: segment 2: paddr=00055fc8 vaddr=40080000 size=0a050h ( 41040) load[0m
[0;32mI (245) esp_image: segment 3: paddr=00060020 vaddr=400d0020 size=cfc90h (851088) map[0m
[0;32mI (502) esp_image: segment 4: paddr=0012fcb8 vaddr=4008a050 size=0b4b4h ( 46260) load[0m
[0;32mI (529) boot: Loaded app from partition at offset 0x10000[0m
[0;32mI (529) boot: Disabling RNG early entropy source...[0m
[0;32mI (541) cpu_start: Multicore app[0m
[0;32mI (541) cpu_start: Pro cpu up.[0m
[0;32mI (541) cpu_start: Starting app cpu, entry point is 0x400811c4[0m
[0;32mI (0) cpu_start: App cpu up.[0m
[0;32mI (559) cpu_start: Pro cpu start user code[0m
[0;32mI (559) cpu_start: cpu freq: 240000000 Hz[0m
[0;32mI (559) cpu_start: Application information:[0m
[0;32mI (564) cpu_start: Project name:     firebase-esp-idf[0m
[0;32mI (569) cpu_start: App version:      93ad277-dirty[0m
[0;32mI (575) cpu_start: Compile time:     May 18 2024 11:19:09[0m
[0;32mI (581) cpu_start: ELF file SHA256:  b9dcfa313...[0m
[0;32mI (586) cpu_start: ESP-IDF:          v5.2-dev-823-g903af13e84-dirty[0m
[0;32mI (593) cpu_start: Min chip rev:     v0.0[0m
[0;32mI (598) cpu_start: Max chip rev:     v3.99 [0m
[0;32mI (603) cpu_start: Chip rev:         v1.0[0m
[0;32mI (608) heap_init: Initializing. RAM available for dynamic allocation:[0m
[0;32mI (615) heap_init: At 3FFAE6E0 len 00001920 (6 KiB): DRAM[0m
[0;32mI (621) heap_init: At 3FFB95C8 len 00026A38 (154 KiB): DRAM[0m
[0;32mI (627) heap_init: At 3FFE0440 len 00003AE0 (14 KiB): D/IRAM[0m
[0;32mI (633) heap_init: At 3FFE4350 len 0001BCB0 (111 KiB): D/IRAM[0m
[0;32mI (640) heap_init: At 40095504 len 0000AAFC (42 KiB): IRAM[0m
[0;32mI (647) spi_flash: detected chip: generic[0m
[0;32mI (651) spi_flash: flash io: dio[0m
[0;32mI (657) app_start: Starting scheduler on CPU0[0m
[0;32mI (660) app_start: Starting scheduler on CPU1[0m
[0;32mI (660) main_task: Started on CPU0[0m
[0;32mI (670) main_task: Calling app_main()[0m
[0;32mI (690) wifi station: ESP_WIFI_MODE_STA[0m
I (700) wifi:wifi driver task: 3ffc28a0, prio:23, stack:6656, core=0
I (710) wifi:wifi firmware version: 10c8635
I (710) wifi:wifi certification version: v7.0
I (710) wifi:config NVS flash: enabled
I (710) wifi:config nano formating: disabled
I (710) wifi:Init data frame dynamic rx buffer num: 32
I (720) wifi:Init management frame dynamic rx buffer num: 32
I (720) wifi:Init management short buffer num: 32
I (730) wifi:Init dynamic tx buffer num: 32
I (730) wifi:Init static rx buffer size: 1600
I (730) wifi:Init static rx buffer num: 10
I (740) wifi:Init dynamic rx buffer num: 32
[0;32mI (740) wifi_init: rx ba win: 6[0m
[0;32mI (750) wifi_init: tcpip mbox: 32[0m
[0;32mI (750) wifi_init: udp mbox: 6[0m
[0;32mI (750) wifi_init: tcp mbox: 6[0m
[0;32mI (760) wifi_init: tcp tx win: 5744[0m
[0;32mI (760) wifi_init: tcp rx win: 5744[0m
[0;32mI (770) wifi_init: tcp mss: 1440[0m
[0;32mI (770) wifi_init: WiFi IRAM OP enabled[0m
[0;32mI (770) wifi_init: WiFi RX IRAM OP enabled[0m
[0;32mI (780) phy_init: phy_version 4670,719f9f6,Feb 18 2021,17:07:07[0m
I (880) wifi:mode : sta (34:86:5d:4d:91:88)
I (880) wifi:enable tsf
[0;32mI (880) wifi station: wifi_init_sta finished.[0m
I (880) wifi:new:<1,0>, old:<1,0>, ap:<255,255>, sta:<1,0>, prof:1
I (890) wifi:state: init -> auth (b0)
I (1890) wifi:state: auth -> assoc (0)
I (1900) wifi:state: assoc -> run (10)
I (1930) wifi:connected with FD-56, aid = 1, channel 1, BW20, bssid = 8e:4c:55:fc:17:19
I (1930) wifi:security: WPA3-SAE, phy: bgn, rssi: -52
I (1930) wifi:pm start, type: 1

I (1950) wifi:AP's beacon interval = 102400 us, DTIM period = 2
I (1950) wifi:<ba-add>idx:0 (ifx:0, 8e:4c:55:fc:17:19), tid:0, ssn:0, winSize:64
[0;32mI (2930) esp_netif_handlers: sta ip: 192.168.97.125, mask: 255.255.255.0, gw: 192.168.97.205[0m
[0;32mI (2930) wifi station: got ip:192.168.97.125[0m
[0;33mW (2930) wifi station: connected to ap SSID: FD-56 || password: Ashish@143[0m
[0;31mE (4920) FirebaseApp: Error while performing request esp_err_t code=0x0 | status_code=400[0m
[0;31mE (4920) FirebaseApp: request: url=https://identitytoolkit.googleapis.com/v1/accounts:signInWithPassword?key=EWOYqXigoEX1vVbE4TN32E2RGya2RrK6aqFb9WH5 
method=1 
post_field={"email":"innovateyourself2build@gmail.com", "password":"12345678", "returnSecureToken": true}[0m
[0;31mE (4950) FirebaseApp: response=
{
  "error": {
    "code": 400,
    "message": "API key not valid. Please pass a valid API key.",
    "errors": [
      {
        "message": "API key not valid. Please pass a valid API key.",
        "domain": "global",
        "reason": "badRequest"
      }
    ],
    "status": "INVALID_ARGUMENT",
    "details": [
      {
        "@type": "type.googleapis.com/google.rpc.ErrorInfo",
        "reason": "API_KEY_INVALID",
        "domain": "googleapis.com",
        "metadata": {
          "service": "identitytoolkit.googleapis.com"
        }
      }
    ]
  }
}
[0m
[0;31mE (5000) FirebaseApp: Failed to get refresh token[0m
[0;32mI (6770) RTDB: PUT successful[0m
[0;32mI (7170) RTDB: PUT successful[0m
[0;32mI (7580) RTDB: PUT successful[0m
[0;32mI (7990) RTDB: PATCH successful[0m
[0;32mI (8400) RTDB: Data with path=person3 acquired[0m
[0;32mI (8400) MAIN: person3 as json string: 
{"age":23,"name":"Ashu","random_float":5.9500000000000002}
[0m
{
	"age" : 23,
	"name" : "Ashu",
	"random_float" : 5.9500000000000002
}
age, name, random_float, 
[0;32mI (8810) RTDB: DELETE successful[0m
[0;32mI (9220) RTDB: Data with path=person3 acquired[0m
null
[0;32mI (9230) main_task: Returned from app_main()[0m
ets Jun  8 2016 00:22:57

rst:0x1 (POWERON_RESET),boot:0x13 (SPI_FAST_FLASH_BOOT)
configsip: 0, SPIWP:0xee
clk_drv:0x00,q_drv:0x00,d_drv:0x00,cs0_drv:0x00,hd_drv:0x00,wp_drv:0x00
mode:DIO, clock div:1
load:0x3fff0030,len:7132
ho 0 tail 12 room 4
load:0x40078000,len:15692
load:0x40080400,len:4
ho 8 tail 4 room 4
load:0x40080404,len:3884
entry 0x40080650
[0;32mI (32) boot: ESP-IDF v5.2-dev-823-g903af13e84-dirty 2nd stage bootloader[0m
[0;32mI (32) boot: compile time May 18 2024 11:19:13[0m
[0;32mI (35) boot: Multicore bootloader[0m
[0;32mI (39) boot: chip revision: v1.0[0m
[0;32mI (42) boot.esp32: SPI Speed      : 80MHz[0m
[0;32mI (47) boot.esp32: SPI Mode       : DIO[0m
[0;32mI (52) boot.esp32: SPI Flash Size : 4MB[0m
[0;32mI (56) boot: Enabling RNG early entropy source...[0m
[0;32mI (62) boot: Partition Table:[0m
[0;32mI (65) boot: ## Label            Usage          Type ST Offset   Length[0m
[0;32mI (72) boot:  0 nvs              WiFi data        01 02 00009000 00004000[0m
[0;32mI (80) boot:  1 otadata          OTA data         01 00 0000d000 00002000[0m
[0;32mI (87) boot:  2 phy_init         RF data          01 01 0000f000 00001000[0m
[0;32mI (95) boot:  3 factory          factory app      00 00 00010000 0014ccb8[0m
[0;32mI (102) boot:  4 ota_0            OTA app          00 10 00160000 00133332[0m
[0;32mI (110) boot:  5 ota_1            OTA app          00 11 002a0000 00133332[0m
[0;32mI (117) boot:  6 nvs_key          NVS keys         01 04 003d4000 00001000[0m
[0;32mI (125) boot: End of partition table[0m
[0;32mI (129) boot: Defaulting to factory image[0m
[0;32mI (134) esp_image: segment 0: paddr=00010020 vaddr=3f400020 size=42738h (272184) map[0m
[0;32mI (225) esp_image: segment 1: paddr=00052760 vaddr=3ffb0000 size=03860h ( 14432) load[0m
[0;32mI (230) esp_image: segment 2: paddr=00055fc8 vaddr=40080000 size=0a050h ( 41040) load[0m
[0;32mI (245) esp_image: segment 3: paddr=00060020 vaddr=400d0020 size=cfc90h (851088) map[0m
[0;32mI (502) esp_image: segment 4: paddr=0012fcb8 vaddr=4008a050 size=0b4b4h ( 46260) load[0m
[0;32mI (529) boot: Loaded app from partition at offset 0x10000[0m
[0;32mI (529) boot: Disabling RNG early entropy source...[0m
[0;32mI (541) cpu_start: Multicore app[0m
[0;32mI (541) cpu_start: Pro cpu up.[0m
[0;32mI (541) cpu_start: Starting app cpu, entry point is 0x400811c4[0m
[0;32mI (0) cpu_start: App cpu up.[0m
[0;32mI (559) cpu_start: Pro cpu start user code[0m
[0;32mI (559) cpu_start: cpu freq: 240000000 Hz[0m
[0;32mI (559) cpu_start: Application information:[0m
[0;32mI (564) cpu_start: Project name:     firebase-esp-idf[0m
[0;32mI (569) cpu_start: App version:      93ad277-dirty[0m
[0;32mI (575) cpu_start: Compile time:     May 18 2024 11:19:09[0m
[0;32mI (581) cpu_start: ELF file SHA256:  b9dcfa313...[0m
[0;32mI (586) cpu_start: ESP-IDF:          v5.2-dev-823-g903af13e84-dirty[0m
[0;32mI (593) cpu_start: Min chip rev:     v0.0[0m
[0;32mI (598) cpu_start: Max chip rev:     v3.99 [0m
[0;32mI (603) cpu_start: Chip rev:         v1.0[0m
[0;32mI (608) heap_init: Initializing. RAM available for dynamic allocation:[0m
[0;32mI (615) heap_init: At 3FFAE6E0 len 00001920 (6 KiB): DRAM[0m
[0;32mI (621) heap_init: At 3FFB95C8 len 00026A38 (154 KiB): DRAM[0m
[0;32mI (627) heap_init: At 3FFE0440 len 00003AE0 (14 KiB): D/IRAM[0m
[0;32mI (633) heap_init: At 3FFE4350 len 0001BCB0 (111 KiB): D/IRAM[0m
[0;32mI (640) heap_init: At 40095504 len 0000AAFC (42 KiB): IRAM[0m
[0;32mI (647) spi_flash: detected chip: generic[0m
[0;32mI (651) spi_flash: flash io: dio[0m
[0;32mI (657) app_start: Starting scheduler on CPU0[0m
[0;32mI (660) app_start: Starting scheduler on CPU1[0m
[0;32mI (660) main_task: Started on CPU0[0m
[0;32mI (670) main_task: Calling app_main()[0m
[0;32mI (690) wifi station: ESP_WIFI_MODE_STA[0m
I (700) wifi:wifi driver task: 3ffc28a0, prio:23, stack:6656, core=0
I (710) wifi:wifi firmware version: 10c8635
I (710) wifi:wifi certification version: v7.0
I (710) wifi:config NVS flash: enabled
I (710) wifi:config nano formating: disabled
I (710) wifi:Init data frame dynamic rx buffer num: 32
I (720) wifi:Init management frame dynamic rx buffer num: 32
I (720) wifi:Init management short buffer num: 32
I (730) wifi:Init dynamic tx buffer num: 32
I (730) wifi:Init static rx buffer size: 1600
I (730) wifi:Init static rx buffer num: 10
I (740) wifi:Init dynamic rx buffer num: 32
[0;32mI (740) wifi_init: rx ba win: 6[0m
[0;32mI (750) wifi_init: tcpip mbox: 32[0m
[0;32mI (750) wifi_init: udp mbox: 6[0m
[0;32mI (750) wifi_init: tcp mbox: 6[0m
[0;32mI (760) wifi_init: tcp tx win: 5744[0m
[0;32mI (760) wifi_init: tcp rx win: 5744[0m
[0;32mI (770) wifi_init: tcp mss: 1440[0m
[0;32mI (770) wifi_init: WiFi IRAM OP enabled[0m
[0;32mI (770) wifi_init: WiFi RX IRAM OP enabled[0m
[0;32mI (780) phy_init: phy_version 4670,719f9f6,Feb 18 2021,17:07:07[0m
I (880) wifi:mode : sta (34:86:5d:4d:91:88)
I (880) wifi:enable tsf
[0;32mI (880) wifi station: wifi_init_sta finished.[0m
I (890) wifi:new:<1,0>, old:<1,0>, ap:<255,255>, sta:<1,0>, prof:1
I (890) wifi:state: init -> auth (b0)
I (1890) wifi:state: auth -> assoc (0)
E (1900) wifi:Association refused temporarily, comeback time 1024 mSec
I (2920) wifi:state: assoc -> assoc (0)
I (2930) wifi:state: assoc -> run (10)
I (2940) wifi:state: run -> init (2a0)
I (2940) wifi:new:<1,0>, old:<1,0>, ap:<255,255>, sta:<1,0>, prof:1
[0;32mI (2940) wifi station: retry to connect to the AP[0m
[0;32mI (2940) wifi station: connect to the AP fail[0m
[0;32mI (5350) wifi station: retry to connect to the AP[0m
[0;32mI (5350) wifi station: connect to the AP fail[0m
I (5430) wifi:new:<1,0>, old:<1,0>, ap:<255,255>, sta:<1,0>, prof:1
I (5430) wifi:state: init -> auth (b0)
I (6400) wifi:state: auth -> assoc (0)
I (6400) wifi:state: assoc -> run (10)
I (6420) wifi:connected with FD-56, aid = 3, channel 1, BW20, bssid = 8e:4c:55:fc:17:19
I (6420) wifi:security: WPA3-SAE, phy: bgn, rssi: -50
I (6430) wifi:pm start, type: 1

I (6450) wifi:AP's beacon interval = 102400 us, DTIM period = 2
I (6960) wifi:<ba-add>idx:0 (ifx:0, 8e:4c:55:fc:17:19), tid:0, ssn:0, winSize:64
[0;32mI (7930) esp_netif_handlers: sta ip: 192.168.97.125, mask: 255.255.255.0, gw: 192.168.97.205[0m
[0;32mI (7930) wifi station: got ip:192.168.97.125[0m
[0;33mW (7930) wifi station: connected to ap SSID: FD-56 || password: Ashish@143[0m
I (8030) wifi:<ba-add>idx:1 (ifx:0, 8e:4c:55:fc:17:19), tid:4, ssn:0, winSize:64
[0;31mE (9120) FirebaseApp: Error while performing request esp_err_t code=0x0 | status_code=400[0m
[0;31mE (9120) FirebaseApp: request: url=https://identitytoolkit.googleapis.com/v1/accounts:signInWithPassword?key=EWOYqXigoEX1vVbE4TN32E2RGya2RrK6aqFb9WH5 
method=1 
post_field={"email":"innovateyourself2build@gmail.com", "password":"12345678", "returnSecureToken": true}[0m
[0;31mE (9150) FirebaseApp: response=
{
  "error": {
    "code": 400,
    "message": "API key not valid. Please pass a valid API key.",
    "errors": [
      {
        "message": "API key not valid. Please pass a valid API key.",
        "domain": "global",
        "reason": "badRequest"
      }
    ],
    "status": "INVALID_ARGUMENT",
    "details": [
      {
        "@type": "type.googleapis.com/google.rpc.ErrorInfo",
        "reason": "API_KEY_INVALID",
        "domain": "googleapis.com",
        "metadata": {
          "service": "identitytoolkit.googleapis.com"
        }
      }
    ]
  }
}
[0m
[0;31mE (9200) FirebaseApp: Failed to get refresh token[0m
[0;32mI (11170) RTDB: PUT successful[0m
[0;32mI (11780) RTDB: PUT successful[0m
[0;32mI (12190) RTDB: PUT successful[0m
[0;32mI (12600) RTDB: PATCH successful[0m
[0;32mI (13010) RTDB: Data with path=person3 acquired[0m
[0;32mI (13010) MAIN: person3 as json string: 
{"age":23,"name":"Ashu","random_float":5.9500000000000002}
[0m
{
	"age" : 23,
	"name" : "Ashu",
	"random_float" : 5.9500000000000002
}
age, name, random_float, 
[0;32mI (13420) RTDB: DELETE successful[0m
[0;32mI (13830) RTDB: Data with path=person3 acquired[0m
null
[0;32mI (13840) main_task: Returned from app_main()[0m
