 (42) boot.esp32: SPI Speed      : 80MHz[0m
[0;32mI (47) boot.esp32ï¿½Jï¿½ï¿½Ñ¹esp32: SPI Flash Size : 4MB[0m
[0;32mI (56) boot: Enabling RNG early entropy source...[0m
[0;32mI (62ets Jun  8 2016 00:22:57

rst:0x1 (POWERON_RESET),boot:0x13 (SPI_FAST_FLASH_BOOT)
configsip: 0, SPIWP:0xee
clk_drv:0x00,q_drv:0x00,d_drv:0x00,cs0_drv:0x00,hd_drv:0x00,wp_drv:0x00
mode:DIO, clock div:1
load:0x3fff0030,len:7132
ho 0 tail 12 room 4
load:0x40078000,len:15692
load:0x40080400,len:4
ho 8 tail 4 room 4
load:0x40080404,len:3884
entry 0x40080650
[0;32mI (32) boot: ESP-IDF v5.2-dev-823-g903af13e84-dirty 2nd stage bootloader[0m
[0;32mI (32) boot: compile time May 18 2024 11:19:13[0m
[0;32mI (35) boot: Multicore bootloader[0m
[0;32mI (39) boot: chip revision: v1.0[0m
[0;32mI (42) boot.esp32: SPI Speed      : 80MHz[0m
[0;32mI (47) boot.esp32: SPI Mode       : DIO[0m
[0;32mI (52) boot.esp32: SPI Flash Size : 4MB[0m
[0;32mI (56) boot: Enabling RNG early entropy source...[0m
[0;32mI (62) boot: Partition Table:[0m
[0;32mI (65) boot: ## Label            Usage          Type ST Offset   Length[0m
[0;32mI (72) boot:  0 nvs              WiFi data        01 02 00009000 00004000[0m
[0;32mI (80) boot:  1 otadata          OTA data         01 00 0000d000 00002000[0m
[0;32mI (87) boot:  2 phy_init         RF data          01 01 0000f000 00001000[0m
[0;32mI (95) boot:  3 factory          factory app      00 00 00010000 0014ccb8[0m
[0;32mI (102) boot:  4 ota_0            OTA app          00 10 00160000 00133332[0m
[0;32mI (110) boot:  5 ota_1            OTA app          00 11 002a0000 00133332[0m
[0;32mI (117) boot:  6 nvs_key          NVS keys         01 04 003d4000 00001000[0m
[0;32mI (125) boot: End of partition table[0m
[0;32mI (129) boot: Defaulting to factory image[0m
[0;32mI (134) esp_image: segment 0: paddr=00010020 vaddr=3f400020 size=427bch (272316) map[0m
[0;32mI (225) esp_image: segment 1: paddr=000527e4 vaddr=3ffb0000 size=03870h ( 14448) load[0m
[0;32mI (230) esp_image: segment 2: paddr=0005605c vaddr=40080000 size=09fbch ( 40892) load[0m
[0;32mI (245) esp_image: segment 3: paddr=00060020 vaddr=400d0020 size=d04e4h (853220) map[0m
[0;32mI (502) esp_image: segment 4: paddr=0013050c vaddr=40089fbc size=0b548h ( 46408) load[0m
[0;32mI (530) boot: Loaded app from partition at offset 0x10000[0m
[0;32mI (530) boot: Disabling RNG early entropy source...[0m
[0;32mI (541) cpu_start: Multicore app[0m
[0;32mI (542) cpu_start: Pro cpu up.[0m
[0;32mI (542) cpu_start: Starting app cpu, entry point is 0x400811c4[0m
[0;32mI (0) cpu_start: App cpu up.[0m
[0;32mI (559) cpu_start: Pro cpu start user code[0m
[0;32mI (559) cpu_start: cpu freq: 240000000 Hz[0m
[0;32mI (560) cpu_start: Application information:[0m
[0;32mI (564) cpu_start: Project name:     firebase-esp-idf[0m
[0;32mI (570) cpu_start: App version:      93ad277-dirty[0m
[0;32mI (576) cpu_start: Compile time:     Jun 16 2024 14:20:32[0m
[0;32mI (582) cpu_start: ELF file SHA256:  314a0aa98...[0m
[0;32mI (587) cpu_start: ESP-IDF:          v5.2-dev-823-g903af13e84-dirty[0m
[0;32mI (594) cpu_start: Min chip rev:     v0.0[0m
[0;32mI (599) cpu_start: Max chip rev:     v3.99 [0m
[0;32mI (603) cpu_start: Chip rev:         v1.0[0m
[0;32mI (608) heap_init: Initializing. RAM available for dynamic allocation:[0m
[0;32mI (615) heap_init: At 3FFAE6E0 len 00001920 (6 KiB): DRAM[0m
[0;32mI (621) heap_init: At 3FFB95E0 len 00026A20 (154 KiB): DRAM[0m
[0;32mI (628) heap_init: At 3FFE0440 len 00003AE0 (14 KiB): D/IRAM[0m
[0;32mI (634) heap_init: At 3FFE4350 len 0001BCB0 (111 KiB): D/IRAM[0m
[0;32mI (641) heap_init: At 40095504 len 0000AAFC (42 KiB): IRAM[0m
[0;32mI (648) spi_flash: detected chip: generic[0m
[0;32mI (651) spi_flash: flash io: dio[0m
[0;32mI (658) app_start: Starting scheduler on CPU0[0m
[0;32mI (660) app_start: Starting scheduler on CPU1[0m
[0;32mI (660) main_task: Started on CPU0[0m
[0;32mI (670) main_task: Calling app_main()[0m
[0;32mI (690) wifi station: ESP_WIFI_MODE_STA[0m
I (700) wifi:wifi driver task: 3ffc2834, prio:23, stack:6656, core=0
I (710) wifi:wifi firmware version: 10c8635
I (710) wifi:wifi certification version: v7.0
I (710) wifi:config NVS flash: enabled
I (710) wifi:config nano formating: disabled
I (710) wifi:Init data frame dynamic rx buffer num: 32
I (720) wifi:Init management frame dynamic rx buffer num: 32
I (720) wifi:Init management short buffer num: 32
I (730) wifi:Init dynamic tx buffer num: 32
I (730) wifi:Init static rx buffer size: 1600
I (730) wifi:Init static rx buffer num: 10
I (740) wifi:Init dynamic rx buffer num: 32
[0;32mI (740) wifi_init: rx ba win: 6[0m
[0;32mI (750) wifi_init: tcpip mbox: 32[0m
[0;32mI (750) wifi_init: udp mbox: 6[0m
[0;32mI (750) wifi_init: tcp mbox: 6[0m
[0;32mI (760) wifi_init: tcp tx win: 5744[0m
[0;32mI (760) wifi_init: tcp rx win: 5744[0m
[0;32mI (770) wifi_init: tcp mss: 1440[0m
[0;32mI (770) wifi_init: WiFi IRAM OP enabled[0m
[0;32mI (770) wifi_init: WiFi RX IRAM OP enabled[0m
[0;32mI (780) phy_init: phy_version 4670,719f9f6,Feb 18 2021,17:07:07[0m
I (880) wifi:mode : sta (34:86:5d:4d:91:88)
I (880) wifi:enable tsf
[0;32mI (880) wifi station: wifi_init_sta finished.[0m
I (890) wifi:new:<7,2>, old:<1,0>, ap:<255,255>, sta:<7,2>, prof:1
I (890) wifi:state: init -> auth (b0)
I (900) wifi:state: auth -> assoc (0)
I (900) wifi:state: assoc -> run (10)
W (920) wifi:[ADDBA]rx delba, code:39, delete tid:0
W (920) wifi:[ADDBA]rx delba, code:39, delete tid:0
W (920) wifi:[ADDBA]rx delba, code:39, delete tid:6
I (930) wifi:<ba-add>idx:0 (ifx:0, c2:94:ad:eb:8a:fa), tid:3, ssn:271, winSize:64
I (1000) wifi:connected with #include<iot.h>, aid = 2, channel 7, 40D, bssid = c2:94:ad:eb:8a:fa
I (1000) wifi:security: WPA2-PSK, phy: bgn, rssi: -48
I (1010) wifi:pm start, type: 1

I (1010) wifi:<ba-add>idx:1 (ifx:0, c2:94:ad:eb:8a:fa), tid:6, ssn:2, winSize:64
I (1070) wifi:AP's beacon interval = 102400 us, DTIM period = 1
[0;32mI (4010) esp_netif_handlers: sta ip: 192.168.1.7, mask: 255.255.255.0, gw: 192.168.1.1[0m
[0;32mI (4010) wifi station: got ip:192.168.1.7[0m
[0;33mW (4010) wifi station: connected to ap SSID: #include<iot.h> || password: Gruh@@2020[0m
I (5600) wifi:<ba-del>idx:0, tid:3
I (5600) wifi:<ba-add>idx:0 (ifx:0, c2:94:ad:eb:8a:fa), tid:3, ssn:0, winSize:64
[0;31mE (12450) FirebaseApp: Error while performing request esp_err_t code=0x0 | status_code=400[0m
[0;31mE (12450) FirebaseApp: request: url=https://identitytoolkit.googleapis.com/v1/accounts:signInWithPassword?key=BJZyIz3vaVD4HO6IKXNEc8TcbU00ZsncsFXohfEw 
method=1 
post_field={"email":"innovateyourself2build@gmail.com", "password":"12345678", "returnSecureToken": true}[0m
[0;31mE (12470) FirebaseApp: response=
{
  "error": {
    "code": 400,
    "message": "API key not valid. Please pass a valid API key.",
    "errors": [
      {
        "message": "API key not valid. Please pass a valid API key.",
        "domain": "global",
        "reason": "badRequest"
      }
    ],
    "status": "INVALID_ARGUMENT",
    "details": [
      {
        "@type": "type.googleapis.com/google.rpc.ErrorInfo",
        "reason": "API_KEY_INVALID",
        "domain": "googleapis.com",
        "metadata": {
          "service": "identitytoolkit.googleapis.com"
        }
      }
    ]
  }
}
[0m
[0;31mE (12530) FirebaseApp: Failed to get refresh token[0m
[0;32mI (20670) RTDB: PUT successful[0m
[0;32mI (21040) RTDB: Data with path=Bedroom acquired[0m
[0;32mI (21040) MAIN: Bedroom as json string: 
{"Appliances1":0,"Appliances2":0,"Appliances3":0,"Appliances4":0}
[0m
[0;32mI (21050) Relay 1: Relay 1 Turned Off[0m
[0;32mI (21050) Relay 2: Relay 2 Turned Off[0m
[0;32mI (21060) Relay 3: Relay 3 Turned Off[0m
[0;32mI (21060) Relay 4: Relay 4 Turned Off[0m
{
	"Appliances1" : 0,
	"Appliances2" : 0,
	"Appliances3" : 0,
	"Appliances4" : 0
}
Appliances1, Appliances2, Appliances3, Appliances4, 
[0;32mI (22400) RTDB: Data with path=Bedroom acquired[0m
[0;32mI (22720) RTDB: Data with path=Bedroom acquired[0m
[0;32mI (23090) RTDB: Data with path=Bedroom acquired[0m
[0;32mI (23400) RTDB: Data with path=Bedroom acquired[0m
[0;32mI (23710) RTDB: Data with path=Bedroom acquired[0m
[0;32mI (24040) RTDB: Data with path=Bedroom acquired[0m
[0;32mI (24370) RTDB: Data with path=Bedroom acquired[0m
[0;32mI (24730) RTDB: Data with path=Bedroom acquired[0m
[0;32mI (25040) RTDB: Data with path=Bedroom acquired[0m
[0;32mI (25360) RTDB: Data with path=Bedroom acquired[0m
[0;32mI (25690) RTDB: Data with path=Bedroom acquired[0m
[0;32mI (26060) RTDB: Data with path=Bedroom acquired[0m
[0;32mI (26470) RTDB: Data with path=Bedroom acquired[0m
[0;32mI (26470) MAIN: Bedroom as json string: 
{"Appliances1":0,"Appliances2":1,"Appliances3":0,"Appliances4":0}
[0m
[0;32mI (26480) Relay 1: Relay 1 Turned Off[0m
[0;32mI (26480) Relay 2: Relay 2 Turned ON[0m
[0;32mI (26490) Relay 3: Relay 3 Turned Off[0m
[0;32mI (26490) Relay 4: Relay 4 Turned Off[0m
{
	"Appliances1" : 0,
	"Appliances2" : 1,
	"Appliances3" : 0,
	"Appliances4" : 0
}
Appliances1, Appliances2, Appliances3, Appliances4, 
[0;32mI (27820) RTDB: Data with path=Bedroom acquired[0m
[0;32mI (28150) RTDB: Data with path=Bedroom acquired[0m
[0;32mI (28440) RTDB: Data with path=Bedroom acquired[0m
[0;32mI (28730) RTDB: Data with path=Bedroom acquired[0m
[0;32mI (29060) RTDB: Data with path=Bedroom acquired[0m
[0;32mI (29390) RTDB: Data with path=Bedroom acquired[0m
[0;32mI (29670) RTDB: Data with path=Bedroom acquired[0m
[0;32mI (29960) RTDB: Data with path=Bedroom acquired[0m
[0;32mI (30290) RTDB: Data with path=Bedroom acquired[0m
[0;32mI (30290) MAIN: Bedroom as json string: 
{"Appliances1":1,"Appliances2":1,"Appliances3":0,"Appliances4":0}
[0m
[0;32mI (30300) Relay 1: Relay 1 Turned ON[0m
[0;32mI (30300) Relay 2: Relay 2 Turned ON[0m
[0;32mI (30310) Relay 3: Relay 3 Turned Off[0m
[0;32mI (30310) Relay 4: Relay 4 Turned Off[0m
{
	"Appliances1" : 1,
	"Appliances2" : 1,
	"Appliances3" : 0,
	"Appliances4" : 0
}
Appliances1, Appliances2, Appliances3, Appliances4, 
[0;32mI (31610) RTDB: Data with path=Bedroom acquired[0m
[0;32mI (31940) RTDB: Data with path=Bedroom acquired[0m
[0;32mI (32310) RTDB: Data with path=Bedroom acquired[0m
[0;32mI (32610) RTDB: Data with path=Bedroom acquired[0m
[0;32mI (32920) RTDB: Data with path=Bedroom acquired[0m
[0;32mI (33250) RTDB: Data with path=Bedroom acquired[0m
[0;32mI (33580) RTDB: Data with path=Bedroom acquired[0m
[0;32mI (33870) RTDB: Data with path=Bedroom acquired[0m
[0;32mI (34160) RTDB: Data with path=Bedroom acquired[0m
[0;32mI (34490) RTDB: Data with path=Bedroom acquired[0m
[0;32mI (34490) MAIN: Bedroom as json string: 
{"Appliances1":1,"Appliances2":1,"Appliances3":1,"Appliances4":0}
[0m
[0;32mI (34490) Relay 1: Relay 1 Turned ON[0m
[0;32mI (34490) Relay 2: Relay 2 Turned ON[0m
[0;32mI (34500) Relay 3: Relay 3 Turned ON[0m
[0;32mI (34500) Relay 4: Relay 4 Turned Off[0m
{
	"Appliances1" : 1,
	"Appliances2" : 1,
	"Appliances3" : 1,
	"Appliances4" : 0
}
Appliances1, Appliances2, Appliances3, Appliances4, 
[0;32mI (35800) RTDB: Data with path=Bedroom acquired[0m
[0;32mI (36130) RTDB: Data with path=Bedroom acquired[0m
[0;32mI (36710) RTDB: Data with path=Bedroom acquired[0m
[0;32mI (37040) RTDB: Data with path=Bedroom acquired[0m
[0;32mI (37370) RTDB: Data with path=Bedroom acquired[0m
[0;32mI (37730) RTDB: Data with path=Bedroom acquired[0m
[0;32mI (38040) RTDB: Data with path=Bedroom acquired[0m
[0;32mI (38350) RTDB: Data with path=Bedroom acquired[0m
[0;32mI (38680) RTDB: Data with path=Bedroom acquired[0m
[0;32mI (39010) RTDB: Data with path=Bedroom acquired[0m
[0;32mI (39290) RTDB: Data with path=Bedroom acquired[0m
[0;32mI (39290) MAIN: Bedroom as json string: 
{"Appliances1":1,"Appliances2":1,"Appliances3":1,"Appliances4":1}
[0m
[0;32mI (39300) Relay 1: Relay 1 Turned ON[0m
[0;32mI (39300) Relay 2: Relay 2 Turned ON[0m
[0;32mI (39310) Relay 3: Relay 3 Turned ON[0m
[0;32mI (39310) Relay 4: Relay 4 Turned On[0m
{
	"Appliances1" : 1,
	"Appliances2" : 1,
	"Appliances3" : 1,
	"Appliances4" : 1
}
Appliances1, Appliances2, Appliances3, Appliances4, 
[0;32mI (40700) RTDB: Data with path=Bedroom acquired[0m
[0;32mI (41110) RTDB: Data with path=Bedroom acquired[0m
[0;32mI (41520) RTDB: Data with path=Bedroom acquired[0m
[0;32mI (41830) RTDB: Data with path=Bedroom acquired[0m
[0;32mI (42240) RTDB: Data with path=Bedroom acquired[0m
[0;32mI (42550) RTDB: Data with path=Bedroom acquired[0m
[0;32mI (42880) RTDB: Data with path=Bedroom acquired[0m
[0;32mI (43200) RTDB: Data with path=Bedroom acquired[0m
[0;32mI (43490) RTDB: Data with path=Bedroom acquired[0m
