(42) boot.esp32: SPI Speed      : 80MHz[0m
[0;32mI (47) boot.esp32:Jï¿½ï¿½Ñ¹esp32: SPI Flash Size : 4MB[0m
[0;32mI (56) boot: Enabling RNG early entropy source...[0m
[0;32mI (62)ets Jun  8 2016 00:22:57

rst:0x1 (POWERON_RESET),boot:0x13 (SPI_FAST_FLASH_BOOT)
configsip: 0, SPIWP:0xee
clk_drv:0x00,q_drv:0x00,d_drv:0x00,cs0_drv:0x00,hd_drv:0x00,wp_drv:0x00
mode:DIO, clock div:1
load:0x3fff0030,len:7132
ho 0 tail 12 room 4
load:0x40078000,len:15692
load:0x40080400,len:4
ho 8 tail 4 room 4
load:0x40080404,len:3884
entry 0x40080650
[0;32mI (32) boot: ESP-IDF v5.2-dev-823-g903af13e84-dirty 2nd stage bootloader[0m
[0;32mI (32) boot: compile time May 18 2024 11:19:13[0m
[0;32mI (34) boot: Multicore bootloader[0m
[0;32mI (39) boot: chip revision: v1.0[0m
[0;32mI (42) boot.esp32: SPI Speed      : 80MHz[0m
[0;32mI (47) boot.esp32: SPI Mode       : DIO[0m
[0;32mI (52) boot.esp32: SPI Flash Size : 4MB[0m
[0;32mI (56) boot: Enabling RNG early entropy source...[0m
[0;32mI (62) boot: Partition Table:[0m
[0;32mI (65) boot: ## Label            Usage          Type ST Offset   Length[0m
[0;32mI (72) boot:  0 nvs              WiFi data        01 02 00009000 00004000[0m
[0;32mI (80) boot:  1 otadata          OTA data         01 00 0000d000 00002000[0m
[0;32mI (87) boot:  2 phy_init         RF data          01 01 0000f000 00001000[0m
[0;32mI (95) boot:  3 factory          factory app      00 00 00010000 0014ccb8[0m
[0;32mI (102) boot:  4 ota_0            OTA app          00 10 00160000 00133332[0m
[0;32mI (110) boot:  5 ota_1            OTA app          00 11 002a0000 00133332[0m
[0;32mI (117) boot:  6 nvs_key          NVS keys         01 04 003d4000 00001000[0m
[0;32mI (125) boot: End of partition table[0m
[0;32mI (129) boot: Defaulting to factory image[0m
[0;32mI (134) esp_image: segment 0: paddr=00010020 vaddr=3f400020 size=42338h (271160) map[0m
[0;32mI (224) esp_image: segment 1: paddr=00052360 vaddr=3ffb0000 size=03818h ( 14360) load[0m
[0;32mI (229) esp_image: segment 2: paddr=00055b80 vaddr=40080000 size=0a498h ( 42136) load[0m
[0;32mI (245) esp_image: segment 3: paddr=00060020 vaddr=400d0020 size=cf744h (849732) map[0m
[0;32mI (501) esp_image: segment 4: paddr=0012f76c vaddr=4008a498 size=0b06ch ( 45164) load[0m
[0;32mI (528) boot: Loaded app from partition at offset 0x10000[0m
[0;32mI (528) boot: Disabling RNG early entropy source...[0m
[0;32mI (540) cpu_start: Multicore app[0m
[0;32mI (540) cpu_start: Pro cpu up.[0m
[0;32mI (540) cpu_start: Starting app cpu, entry point is 0x400811c4[0m
[0;32mI (0) cpu_start: App cpu up.[0m
[0;32mI (558) cpu_start: Pro cpu start user code[0m
[0;32mI (558) cpu_start: cpu freq: 240000000 Hz[0m
[0;32mI (558) cpu_start: Application information:[0m
[0;32mI (563) cpu_start: Project name:     firebase-esp-idf[0m
[0;32mI (569) cpu_start: App version:      93ad277-dirty[0m
[0;32mI (574) cpu_start: Compile time:     May 18 2024 11:19:09[0m
[0;32mI (580) cpu_start: ELF file SHA256:  aec4e3630...[0m
[0;32mI (585) cpu_start: ESP-IDF:          v5.2-dev-823-g903af13e84-dirty[0m
[0;32mI (592) cpu_start: Min chip rev:     v0.0[0m
[0;32mI (597) cpu_start: Max chip rev:     v3.99 [0m
[0;32mI (602) cpu_start: Chip rev:         v1.0[0m
[0;32mI (607) heap_init: Initializing. RAM available for dynamic allocation:[0m
[0;32mI (614) heap_init: At 3FFAE6E0 len 00001920 (6 KiB): DRAM[0m
[0;32mI (620) heap_init: At 3FFB9580 len 00026A80 (154 KiB): DRAM[0m
[0;32mI (626) heap_init: At 3FFE0440 len 00003AE0 (14 KiB): D/IRAM[0m
[0;32mI (633) heap_init: At 3FFE4350 len 0001BCB0 (111 KiB): D/IRAM[0m
[0;32mI (639) heap_init: At 40095504 len 0000AAFC (42 KiB): IRAM[0m
[0;32mI (646) spi_flash: detected chip: generic[0m
[0;32mI (650) spi_flash: flash io: dio[0m
[0;32mI (656) app_start: Starting scheduler on CPU0[0m
[0;32mI (659) app_start: Starting scheduler on CPU1[0m
[0;32mI (659) main_task: Started on CPU0[0m
[0;32mI (669) main_task: Calling app_main()[0m
[0;32mI (689) wifi station: ESP_WIFI_MODE_STA[0m
I (699) wifi:wifi driver task: 3ffc2858, prio:23, stack:6656, core=0
I (709) wifi:wifi firmware version: 10c8635
I (709) wifi:wifi certification version: v7.0
I (709) wifi:config NVS flash: enabled
I (709) wifi:config nano formating: disabled
I (709) wifi:Init data frame dynamic rx buffer num: 32
I (719) wifi:Init management frame dynamic rx buffer num: 32
I (719) wifi:Init management short buffer num: 32
I (729) wifi:Init dynamic tx buffer num: 32
I (729) wifi:Init static rx buffer size: 1600
I (729) wifi:Init static rx buffer num: 10
I (739) wifi:Init dynamic rx buffer num: 32
[0;32mI (739) wifi_init: rx ba win: 6[0m
[0;32mI (749) wifi_init: tcpip mbox: 32[0m
[0;32mI (749) wifi_init: udp mbox: 6[0m
[0;32mI (749) wifi_init: tcp mbox: 6[0m
[0;32mI (759) wifi_init: tcp tx win: 5744[0m
[0;32mI (759) wifi_init: tcp rx win: 5744[0m
[0;32mI (769) wifi_init: tcp mss: 1440[0m
[0;32mI (769) wifi_init: WiFi IRAM OP enabled[0m
[0;32mI (769) wifi_init: WiFi RX IRAM OP enabled[0m
[0;32mI (779) phy_init: phy_version 4670,719f9f6,Feb 18 2021,17:07:07[0m
